┌  hyperframes preview
[?25l│
◇  Studio running
[?25h

  Project   my-story
  Studio    http://localhost:3002

  Edit with your AI agent — it has HyperFrames skills installed.
  Changes reload automatically in the studio.

  Press Ctrl+C to stop

[INFO] [Compiler] Fetched 11 font face(s) for "Inter" from Google Fonts (cached to C:\Users\Lenovo\.cache\hyperframes\fonts\inter)
[INFO] [Compiler] Fetched 11 font face(s) for "Inter" from Google Fonts (cached to C:\Users\Lenovo\.cache\hyperframes\fonts\inter)
[BrowserManager] Browser launched (HeadlessChrome/152.0.7928.2, screenshot, gl=--use-gl=angle --use-angle=swiftshader, headlessShell=true, platform=win32)
[INFO] [Compiler] Fetched 10 font face(s) for "JetBrains Mono" from Google Fonts (cached to C:\Users\Lenovo\.cache\hyperframes\fonts\jetbrains-mono)
[INFO] [Compiler] Injected deterministic @font-face rules for 2 requested font families
[INFO] [Compiler] Fetched 10 font face(s) for "JetBrains Mono" from Google Fonts (cached to C:\Users\Lenovo\.cache\hyperframes\fonts\jetbrains-mono)
[INFO] [Compiler] Injected deterministic @font-face rules for 2 requested font families
[INFO] [Compiler] Fetched 11 font face(s) for "Inter" from Google Fonts (cached to C:\Users\Lenovo\.cache\hyperframes\fonts\inter)
[INFO] [Compiler] Fetched 11 font face(s) for "Inter" from Google Fonts (cached to C:\Users\Lenovo\.cache\hyperframes\fonts\inter)
[INFO] [Compiler] Fetched 11 font face(s) for "Inter" from Google Fonts (cached to C:\Users\Lenovo\.cache\hyperframes\fonts\inter)
[INFO] [Compiler] Fetched 11 font face(s) for "Inter" from Google Fonts (cached to C:\Users\Lenovo\.cache\hyperframes\fonts\inter)
[INFO] [Compiler] Fetched 10 font face(s) for "JetBrains Mono" from Google Fonts (cached to C:\Users\Lenovo\.cache\hyperframes\fonts\jetbrains-mono)
[INFO] [Compiler] Fetched 10 font face(s) for "JetBrains Mono" from Google Fonts (cached to C:\Users\Lenovo\.cache\hyperframes\fonts\jetbrains-mono)
[INFO] [Compiler] Fetched 10 font face(s) for "JetBrains Mono" from Google Fonts (cached to C:\Users\Lenovo\.cache\hyperframes\fonts\jetbrains-mono)
[INFO] [Compiler] Fetched 10 font face(s) for "JetBrains Mono" from Google Fonts (cached to C:\Users\Lenovo\.cache\hyperframes\fonts\jetbrains-mono)
[INFO] [Compiler] Fetched 11 font face(s) for "Poppins" from Google Fonts (cached to C:\Users\Lenovo\.cache\hyperframes\fonts\poppins)
[INFO] [Compiler] Injected deterministic @font-face rules for 3 requested font families
[INFO] [Compiler] Fetched 11 font face(s) for "Poppins" from Google Fonts (cached to C:\Users\Lenovo\.cache\hyperframes\fonts\poppins)
[INFO] [Compiler] Injected deterministic @font-face rules for 3 requested font families
[INFO] [Compiler] Fetched 11 font face(s) for "Poppins" from Google Fonts (cached to C:\Users\Lenovo\.cache\hyperframes\fonts\poppins)
[INFO] [Compiler] Injected deterministic @font-face rules for 3 requested font families
[INFO] [Compiler] Fetched 11 font face(s) for "Poppins" from Google Fonts (cached to C:\Users\Lenovo\.cache\hyperframes\fonts\poppins)
[INFO] [Compiler] Injected deterministic @font-face rules for 3 requested font families
[INFO] [Compiler] Fetched 11 font face(s) for "Inter" from Google Fonts (cached to C:\Users\Lenovo\.cache\hyperframes\fonts\inter)
[INFO] [Compiler] Fetched 10 font face(s) for "JetBrains Mono" from Google Fonts (cached to C:\Users\Lenovo\.cache\hyperframes\fonts\jetbrains-mono)
[INFO] [Compiler] Injected deterministic @font-face rules for 2 requested font families
[INFO] [Compiler] Fetched 11 font face(s) for "Inter" from Google Fonts (cached to C:\Users\Lenovo\.cache\hyperframes\fonts\inter)
[INFO] [Compiler] Fetched 11 font face(s) for "Inter" from Google Fonts (cached to C:\Users\Lenovo\.cache\hyperframes\fonts\inter)
[INFO] [Compiler] Fetched 11 font face(s) for "Inter" from Google Fonts (cached to C:\Users\Lenovo\.cache\hyperframes\fonts\inter)
[INFO] [Compiler] Fetched 11 font face(s) for "Inter" from Google Fonts (cached to C:\Users\Lenovo\.cache\hyperframes\fonts\inter)
[INFO] [Compiler] Fetched 10 font face(s) for "JetBrains Mono" from Google Fonts (cached to C:\Users\Lenovo\.cache\hyperframes\fonts\jetbrains-mono)
[INFO] [Compiler] Fetched 10 font face(s) for "JetBrains Mono" from Google Fonts (cached to C:\Users\Lenovo\.cache\hyperframes\fonts\jetbrains-mono)
[INFO] [Compiler] Fetched 10 font face(s) for "JetBrains Mono" from Google Fonts (cached to C:\Users\Lenovo\.cache\hyperframes\fonts\jetbrains-mono)
[INFO] [Compiler] Fetched 10 font face(s) for "JetBrains Mono" from Google Fonts (cached to C:\Users\Lenovo\.cache\hyperframes\fonts\jetbrains-mono)
[INFO] [Compiler] Fetched 11 font face(s) for "Poppins" from Google Fonts (cached to C:\Users\Lenovo\.cache\hyperframes\fonts\poppins)
[INFO] [Compiler] Injected deterministic @font-face rules for 3 requested font families
[INFO] [Compiler] Fetched 11 font face(s) for "Poppins" from Google Fonts (cached to C:\Users\Lenovo\.cache\hyperframes\fonts\poppins)
[INFO] [Compiler] Injected deterministic @font-face rules for 3 requested font families
[INFO] [Compiler] Fetched 11 font face(s) for "Poppins" from Google Fonts (cached to C:\Users\Lenovo\.cache\hyperframes\fonts\poppins)
[INFO] [Compiler] Injected deterministic @font-face rules for 3 requested font families
[INFO] [Compiler] Fetched 11 font face(s) for "Poppins" from Google Fonts (cached to C:\Users\Lenovo\.cache\hyperframes\fonts\poppins)
[INFO] [Compiler] Injected deterministic @font-face rules for 3 requested font families
[INFO] [Compiler] Fetched 11 font face(s) for "Inter" from Google Fonts (cached to C:\Users\Lenovo\.cache\hyperframes\fonts\inter)
[INFO] [Compiler] Fetched 10 font face(s) for "JetBrains Mono" from Google Fonts (cached to C:\Users\Lenovo\.cache\hyperframes\fonts\jetbrains-mono)
[INFO] [Compiler] Injected deterministic @font-face rules for 2 requested font families
[INFO] [Compiler] Fetched 11 font face(s) for "Inter" from Google Fonts (cached to C:\Users\Lenovo\.cache\hyperframes\fonts\inter)
[INFO] [Compiler] Fetched 11 font face(s) for "Inter" from Google Fonts (cached to C:\Users\Lenovo\.cache\hyperframes\fonts\inter)
[INFO] [Compiler] Fetched 10 font face(s) for "JetBrains Mono" from Google Fonts (cached to C:\Users\Lenovo\.cache\hyperframes\fonts\jetbrains-mono)
[INFO] [Compiler] Fetched 10 font face(s) for "JetBrains Mono" from Google Fonts (cached to C:\Users\Lenovo\.cache\hyperframes\fonts\jetbrains-mono)
[INFO] [Compiler] Fetched 11 font face(s) for "Poppins" from Google Fonts (cached to C:\Users\Lenovo\.cache\hyperframes\fonts\poppins)
[INFO] [Compiler] Injected deterministic @font-face rules for 3 requested font families
[INFO] [Compiler] Fetched 11 font face(s) for "Poppins" from Google Fonts (cached to C:\Users\Lenovo\.cache\hyperframes\fonts\poppins)
[INFO] [Compiler] Injected deterministic @font-face rules for 3 requested font families
[INFO] [Compiler] Fetched 11 font face(s) for "Inter" from Google Fonts (cached to C:\Users\Lenovo\.cache\hyperframes\fonts\inter)
[INFO] [Compiler] Fetched 11 font face(s) for "Inter" from Google Fonts (cached to C:\Users\Lenovo\.cache\hyperframes\fonts\inter)
[INFO] [Compiler] Fetched 10 font face(s) for "JetBrains Mono" from Google Fonts (cached to C:\Users\Lenovo\.cache\hyperframes\fonts\jetbrains-mono)
[INFO] [Compiler] Fetched 10 font face(s) for "JetBrains Mono" from Google Fonts (cached to C:\Users\Lenovo\.cache\hyperframes\fonts\jetbrains-mono)
[INFO] [Compiler] Fetched 11 font face(s) for "Poppins" from Google Fonts (cached to C:\Users\Lenovo\.cache\hyperframes\fonts\poppins)
[INFO] [Compiler] Injected deterministic @font-face rules for 3 requested font families
[INFO] [Compiler] Fetched 11 font face(s) for "Poppins" from Google Fonts (cached to C:\Users\Lenovo\.cache\hyperframes\fonts\poppins)
[INFO] [Compiler] Injected deterministic @font-face rules for 3 requested font families
[INFO] [Compiler] Fetched 11 font face(s) for "Inter" from Google Fonts (cached to C:\Users\Lenovo\.cache\hyperframes\fonts\inter)
[INFO] [Compiler] Fetched 11 font face(s) for "Inter" from Google Fonts (cached to C:\Users\Lenovo\.cache\hyperframes\fonts\inter)
[INFO] [Compiler] Fetched 10 font face(s) for "JetBrains Mono" from Google Fonts (cached to C:\Users\Lenovo\.cache\hyperframes\fonts\jetbrains-mono)
[INFO] [Compiler] Injected deterministic @font-face rules for 2 requested font families
[INFO] [Compiler] Fetched 11 font face(s) for "Inter" from Google Fonts (cached to C:\Users\Lenovo\.cache\hyperframes\fonts\inter)
[INFO] [Compiler] Fetched 10 font face(s) for "JetBrains Mono" from Google Fonts (cached to C:\Users\Lenovo\.cache\hyperframes\fonts\jetbrains-mono)
[INFO] [Compiler] Injected deterministic @font-face rules for 2 requested font families
[INFO] [Compiler] Fetched 11 font face(s) for "Inter" from Google Fonts (cached to C:\Users\Lenovo\.cache\hyperframes\fonts\inter)
[INFO] [Compiler] Fetched 10 font face(s) for "JetBrains Mono" from Google Fonts (cached to C:\Users\Lenovo\.cache\hyperframes\fonts\jetbrains-mono)
[INFO] [Compiler] Fetched 10 font face(s) for "JetBrains Mono" from Google Fonts (cached to C:\Users\Lenovo\.cache\hyperframes\fonts\jetbrains-mono)
[INFO] [Compiler] Fetched 11 font face(s) for "Inter" from Google Fonts (cached to C:\Users\Lenovo\.cache\hyperframes\fonts\inter)
[INFO] [Compiler] Fetched 10 font face(s) for "JetBrains Mono" from Google Fonts (cached to C:\Users\Lenovo\.cache\hyperframes\fonts\jetbrains-mono)
[INFO] [Compiler] Fetched 11 font face(s) for "Poppins" from Google Fonts (cached to C:\Users\Lenovo\.cache\hyperframes\fonts\poppins)
[INFO] [Compiler] Injected deterministic @font-face rules for 3 requested font families
[INFO] [Compiler] Fetched 11 font face(s) for "Poppins" from Google Fonts (cached to C:\Users\Lenovo\.cache\hyperframes\fonts\poppins)
[INFO] [Compiler] Injected deterministic @font-face rules for 3 requested font families
[INFO] [Compiler] Fetched 11 font face(s) for "Inter" from Google Fonts (cached to C:\Users\Lenovo\.cache\hyperframes\fonts\inter)
[INFO] [Compiler] Fetched 10 font face(s) for "JetBrains Mono" from Google Fonts (cached to C:\Users\Lenovo\.cache\hyperframes\fonts\jetbrains-mono)
[INFO] [Compiler] Injected deterministic @font-face rules for 2 requested font families
[INFO] [Compiler] Fetched 11 font face(s) for "Poppins" from Google Fonts (cached to C:\Users\Lenovo\.cache\hyperframes\fonts\poppins)
[INFO] [Compiler] Injected deterministic @font-face rules for 3 requested font families
[INFO] [Compiler] Fetched 11 font face(s) for "Inter" from Google Fonts (cached to C:\Users\Lenovo\.cache\hyperframes\fonts\inter)
[INFO] [Compiler] Fetched 11 font face(s) for "Inter" from Google Fonts (cached to C:\Users\Lenovo\.cache\hyperframes\fonts\inter)
[INFO] [Compiler] Fetched 10 font face(s) for "JetBrains Mono" from Google Fonts (cached to C:\Users\Lenovo\.cache\hyperframes\fonts\jetbrains-mono)
[INFO] [Compiler] Fetched 11 font face(s) for "Poppins" from Google Fonts (cached to C:\Users\Lenovo\.cache\hyperframes\fonts\poppins)
[INFO] [Compiler] Injected deterministic @font-face rules for 3 requested font families
[INFO] [Compiler] Fetched 10 font face(s) for "JetBrains Mono" from Google Fonts (cached to C:\Users\Lenovo\.cache\hyperframes\fonts\jetbrains-mono)
[INFO] [Compiler] Fetched 11 font face(s) for "Inter" from Google Fonts (cached to C:\Users\Lenovo\.cache\hyperframes\fonts\inter)
[INFO] [Compiler] Fetched 11 font face(s) for "Poppins" from Google Fonts (cached to C:\Users\Lenovo\.cache\hyperframes\fonts\poppins)
[INFO] [Compiler] Injected deterministic @font-face rules for 3 requested font families
[INFO] [Compiler] Fetched 10 font face(s) for "JetBrains Mono" from Google Fonts (cached to C:\Users\Lenovo\.cache\hyperframes\fonts\jetbrains-mono)
[INFO] [Compiler] Injected deterministic @font-face rules for 2 requested font families
[INFO] [Compiler] Fetched 11 font face(s) for "Inter" from Google Fonts (cached to C:\Users\Lenovo\.cache\hyperframes\fonts\inter)
[INFO] [Compiler] Fetched 11 font face(s) for "Inter" from Google Fonts (cached to C:\Users\Lenovo\.cache\hyperframes\fonts\inter)
[INFO] [Compiler] Fetched 10 font face(s) for "JetBrains Mono" from Google Fonts (cached to C:\Users\Lenovo\.cache\hyperframes\fonts\jetbrains-mono)
[INFO] [Compiler] Fetched 11 font face(s) for "Poppins" from Google Fonts (cached to C:\Users\Lenovo\.cache\hyperframes\fonts\poppins)
[INFO] [Compiler] Injected deterministic @font-face rules for 3 requested font families
[INFO] [Compiler] Fetched 10 font face(s) for "JetBrains Mono" from Google Fonts (cached to C:\Users\Lenovo\.cache\hyperframes\fonts\jetbrains-mono)
[INFO] [Compiler] Fetched 11 font face(s) for "Inter" from Google Fonts (cached to C:\Users\Lenovo\.cache\hyperframes\fonts\inter)
[INFO] [Compiler] Fetched 11 font face(s) for "Poppins" from Google Fonts (cached to C:\Users\Lenovo\.cache\hyperframes\fonts\poppins)
[INFO] [Compiler] Injected deterministic @font-face rules for 3 requested font families
[INFO] [Compiler] Fetched 10 font face(s) for "JetBrains Mono" from Google Fonts (cached to C:\Users\Lenovo\.cache\hyperframes\fonts\jetbrains-mono)
[INFO] [Compiler] Fetched 11 font face(s) for "Inter" from Google Fonts (cached to C:\Users\Lenovo\.cache\hyperframes\fonts\inter)
[INFO] [Compiler] Fetched 10 font face(s) for "JetBrains Mono" from Google Fonts (cached to C:\Users\Lenovo\.cache\hyperframes\fonts\jetbrains-mono)
[INFO] [Compiler] Injected deterministic @font-face rules for 2 requested font families
[INFO] [Compiler] Fetched 11 font face(s) for "Inter" from Google Fonts (cached to C:\Users\Lenovo\.cache\hyperframes\fonts\inter)
[INFO] [Compiler] Fetched 10 font face(s) for "JetBrains Mono" from Google Fonts (cached to C:\Users\Lenovo\.cache\hyperframes\fonts\jetbrains-mono)
[INFO] [Compiler] Fetched 11 font face(s) for "Poppins" from Google Fonts (cached to C:\Users\Lenovo\.cache\hyperframes\fonts\poppins)
[INFO] [Compiler] Injected deterministic @font-face rules for 3 requested font families
[INFO] [Compiler] Fetched 11 font face(s) for "Inter" from Google Fonts (cached to C:\Users\Lenovo\.cache\hyperframes\fonts\inter)
[INFO] [Compiler] Fetched 11 font face(s) for "Inter" from Google Fonts (cached to C:\Users\Lenovo\.cache\hyperframes\fonts\inter)
[INFO] [Compiler] Fetched 10 font face(s) for "JetBrains Mono" from Google Fonts (cached to C:\Users\Lenovo\.cache\hyperframes\fonts\jetbrains-mono)
[INFO] [Compiler] Injected deterministic @font-face rules for 2 requested font families
[INFO] [Compiler] Fetched 11 font face(s) for "Inter" from Google Fonts (cached to C:\Users\Lenovo\.cache\hyperframes\fonts\inter)
[INFO] [Compiler] Fetched 11 font face(s) for "Poppins" from Google Fonts (cached to C:\Users\Lenovo\.cache\hyperframes\fonts\poppins)
[INFO] [Compiler] Injected deterministic @font-face rules for 3 requested font families
[INFO] [Compiler] Fetched 10 font face(s) for "JetBrains Mono" from Google Fonts (cached to C:\Users\Lenovo\.cache\hyperframes\fonts\jetbrains-mono)
[INFO] [Compiler] Injected deterministic @font-face rules for 2 requested font families
[INFO] [Compiler] Fetched 11 font face(s) for "Inter" from Google Fonts (cached to C:\Users\Lenovo\.cache\hyperframes\fonts\inter)
[INFO] [Compiler] Fetched 11 font face(s) for "Inter" from Google Fonts (cached to C:\Users\Lenovo\.cache\hyperframes\fonts\inter)
[INFO] [Compiler] Fetched 10 font face(s) for "JetBrains Mono" from Google Fonts (cached to C:\Users\Lenovo\.cache\hyperframes\fonts\jetbrains-mono)
[INFO] [Compiler] Injected deterministic @font-face rules for 2 requested font families
[INFO] [Compiler] Fetched 10 font face(s) for "JetBrains Mono" from Google Fonts (cached to C:\Users\Lenovo\.cache\hyperframes\fonts\jetbrains-mono)
[INFO] [Compiler] Fetched 11 font face(s) for "Poppins" from Google Fonts (cached to C:\Users\Lenovo\.cache\hyperframes\fonts\poppins)
[INFO] [Compiler] Injected deterministic @font-face rules for 3 requested font families
[INFO] [Compiler] Fetched 11 font face(s) for "Inter" from Google Fonts (cached to C:\Users\Lenovo\.cache\hyperframes\fonts\inter)
[INFO] [Compiler] Fetched 10 font face(s) for "JetBrains Mono" from Google Fonts (cached to C:\Users\Lenovo\.cache\hyperframes\fonts\jetbrains-mono)
[INFO] [Compiler] Injected deterministic @font-face rules for 2 requested font families
[INFO] [Compiler] Fetched 11 font face(s) for "Inter" from Google Fonts (cached to C:\Users\Lenovo\.cache\hyperframes\fonts\inter)
[INFO] [Compiler] Fetched 10 font face(s) for "JetBrains Mono" from Google Fonts (cached to C:\Users\Lenovo\.cache\hyperframes\fonts\jetbrains-mono)
[INFO] [Compiler] Injected deterministic @font-face rules for 2 requested font families
[INFO] [Compiler] Fetched 11 font face(s) for "Inter" from Google Fonts (cached to C:\Users\Lenovo\.cache\hyperframes\fonts\inter)
[INFO] [Compiler] Fetched 10 font face(s) for "JetBrains Mono" from Google Fonts (cached to C:\Users\Lenovo\.cache\hyperframes\fonts\jetbrains-mono)
[INFO] [Compiler] Injected deterministic @font-face rules for 2 requested font families
[INFO] [Compiler] Fetched 10 font face(s) for "JetBrains Mono" from Google Fonts (cached to C:\Users\Lenovo\.cache\hyperframes\fonts\jetbrains-mono)
[INFO] [Compiler] Fetched 11 font face(s) for "Poppins" from Google Fonts (cached to C:\Users\Lenovo\.cache\hyperframes\fonts\poppins)
[INFO] [Compiler] Injected deterministic @font-face rules for 3 requested font families
[INFO] [Compiler] Fetched 11 font face(s) for "Inter" from Google Fonts (cached to C:\Users\Lenovo\.cache\hyperframes\fonts\inter)
[INFO] [Compiler] Fetched 10 font face(s) for "JetBrains Mono" from Google Fonts (cached to C:\Users\Lenovo\.cache\hyperframes\fonts\jetbrains-mono)
[INFO] [Compiler] Injected deterministic @font-face rules for 2 requested font families
[INFO] [Compiler] Fetched 11 font face(s) for "Inter" from Google Fonts (cached to C:\Users\Lenovo\.cache\hyperframes\fonts\inter)
[INFO] [Compiler] Fetched 10 font face(s) for "JetBrains Mono" from Google Fonts (cached to C:\Users\Lenovo\.cache\hyperframes\fonts\jetbrains-mono)
[INFO] [Compiler] Fetched 11 font face(s) for "Poppins" from Google Fonts (cached to C:\Users\Lenovo\.cache\hyperframes\fonts\poppins)
[INFO] [Compiler] Injected deterministic @font-face rules for 3 requested font families
[INFO] [Compiler] Fetched 11 font face(s) for "Inter" from Google Fonts (cached to C:\Users\Lenovo\.cache\hyperframes\fonts\inter)
[INFO] [Compiler] Fetched 11 font face(s) for "Inter" from Google Fonts (cached to C:\Users\Lenovo\.cache\hyperframes\fonts\inter)
[INFO] [Compiler] Fetched 11 font face(s) for "Inter" from Google Fonts (cached to C:\Users\Lenovo\.cache\hyperframes\fonts\inter)
[INFO] [Compiler] Fetched 11 font face(s) for "Inter" from Google Fonts (cached to C:\Users\Lenovo\.cache\hyperframes\fonts\inter)
[INFO] [Compiler] Fetched 10 font face(s) for "JetBrains Mono" from Google Fonts (cached to C:\Users\Lenovo\.cache\hyperframes\fonts\jetbrains-mono)
[INFO] [Compiler] Fetched 10 font face(s) for "JetBrains Mono" from Google Fonts (cached to C:\Users\Lenovo\.cache\hyperframes\fonts\jetbrains-mono)
[INFO] [Compiler] Fetched 10 font face(s) for "JetBrains Mono" from Google Fonts (cached to C:\Users\Lenovo\.cache\hyperframes\fonts\jetbrains-mono)
[INFO] [Compiler] Fetched 10 font face(s) for "JetBrains Mono" from Google Fonts (cached to C:\Users\Lenovo\.cache\hyperframes\fonts\jetbrains-mono)
[INFO] [Compiler] Fetched 11 font face(s) for "Poppins" from Google Fonts (cached to C:\Users\Lenovo\.cache\hyperframes\fonts\poppins)
[INFO] [Compiler] Injected deterministic @font-face rules for 3 requested font families
[INFO] [Compiler] Fetched 11 font face(s) for "Poppins" from Google Fonts (cached to C:\Users\Lenovo\.cache\hyperframes\fonts\poppins)
[INFO] [Compiler] Injected deterministic @font-face rules for 3 requested font families
[INFO] [Compiler] Fetched 11 font face(s) for "Poppins" from Google Fonts (cached to C:\Users\Lenovo\.cache\hyperframes\fonts\poppins)
[INFO] [Compiler] Injected deterministic @font-face rules for 3 requested font families
[INFO] [Compiler] Fetched 11 font face(s) for "Poppins" from Google Fonts (cached to C:\Users\Lenovo\.cache\hyperframes\fonts\poppins)
[INFO] [Compiler] Injected deterministic @font-face rules for 3 requested font families
[INFO] [Compiler] Fetched 11 font face(s) for "Inter" from Google Fonts (cached to C:\Users\Lenovo\.cache\hyperframes\fonts\inter)
[INFO] [Compiler] Fetched 11 font face(s) for "Inter" from Google Fonts (cached to C:\Users\Lenovo\.cache\hyperframes\fonts\inter)
[INFO] [Compiler] Fetched 11 font face(s) for "Inter" from Google Fonts (cached to C:\Users\Lenovo\.cache\hyperframes\fonts\inter)
[INFO] [Compiler] Fetched 10 font face(s) for "JetBrains Mono" from Google Fonts (cached to C:\Users\Lenovo\.cache\hyperframes\fonts\jetbrains-mono)
[INFO] [Compiler] Fetched 11 font face(s) for "Inter" from Google Fonts (cached to C:\Users\Lenovo\.cache\hyperframes\fonts\inter)
[INFO] [Compiler] Fetched 10 font face(s) for "JetBrains Mono" from Google Fonts (cached to C:\Users\Lenovo\.cache\hyperframes\fonts\jetbrains-mono)
[INFO] [Compiler] Fetched 10 font face(s) for "JetBrains Mono" from Google Fonts (cached to C:\Users\Lenovo\.cache\hyperframes\fonts\jetbrains-mono)
[INFO] [Compiler] Fetched 11 font face(s) for "Poppins" from Google Fonts (cached to C:\Users\Lenovo\.cache\hyperframes\fonts\poppins)
[INFO] [Compiler] Injected deterministic @font-face rules for 3 requested font families
[INFO] [Compiler] Fetched 11 font face(s) for "Poppins" from Google Fonts (cached to C:\Users\Lenovo\.cache\hyperframes\fonts\poppins)
[INFO] [Compiler] Injected deterministic @font-face rules for 3 requested font families
[INFO] [Compiler] Fetched 11 font face(s) for "Poppins" from Google Fonts (cached to C:\Users\Lenovo\.cache\hyperframes\fonts\poppins)
[INFO] [Compiler] Injected deterministic @font-face rules for 3 requested font families
[INFO] [Compiler] Fetched 10 font face(s) for "JetBrains Mono" from Google Fonts (cached to C:\Users\Lenovo\.cache\hyperframes\fonts\jetbrains-mono)
[INFO] [Compiler] Injected deterministic @font-face rules for 2 requested font families
[INFO] [Compiler] Fetched 11 font face(s) for "Inter" from Google Fonts (cached to C:\Users\Lenovo\.cache\hyperframes\fonts\inter)
[INFO] [Compiler] Fetched 10 font face(s) for "JetBrains Mono" from Google Fonts (cached to C:\Users\Lenovo\.cache\hyperframes\fonts\jetbrains-mono)
[INFO] [Compiler] Fetched 11 font face(s) for "Poppins" from Google Fonts (cached to C:\Users\Lenovo\.cache\hyperframes\fonts\poppins)
[INFO] [Compiler] Injected deterministic @font-face rules for 3 requested font families
[INFO] [Compiler] Fetched 11 font face(s) for "Inter" from Google Fonts (cached to C:\Users\Lenovo\.cache\hyperframes\fonts\inter)
[INFO] [Compiler] Fetched 10 font face(s) for "JetBrains Mono" from Google Fonts (cached to C:\Users\Lenovo\.cache\hyperframes\fonts\jetbrains-mono)
[INFO] [Compiler] Injected deterministic @font-face rules for 2 requested font families
[INFO] [Compiler] Fetched 11 font face(s) for "Inter" from Google Fonts (cached to C:\Users\Lenovo\.cache\hyperframes\fonts\inter)
[INFO] [Compiler] Fetched 10 font face(s) for "JetBrains Mono" from Google Fonts (cached to C:\Users\Lenovo\.cache\hyperframes\fonts\jetbrains-mono)
[INFO] [Compiler] Injected deterministic @font-face rules for 2 requested font families
[INFO] [Compiler] Fetched 11 font face(s) for "Inter" from Google Fonts (cached to C:\Users\Lenovo\.cache\hyperframes\fonts\inter)
[INFO] [Compiler] Fetched 10 font face(s) for "JetBrains Mono" from Google Fonts (cached to C:\Users\Lenovo\.cache\hyperframes\fonts\jetbrains-mono)
[INFO] [Compiler] Injected deterministic @font-face rules for 2 requested font families
[INFO] [Compiler] Fetched 11 font face(s) for "Inter" from Google Fonts (cached to C:\Users\Lenovo\.cache\hyperframes\fonts\inter)
[INFO] [Compiler] Fetched 10 font face(s) for "JetBrains Mono" from Google Fonts (cached to C:\Users\Lenovo\.cache\hyperframes\fonts\jetbrains-mono)
[INFO] [Compiler] Injected deterministic @font-face rules for 2 requested font families
[INFO] [Compiler] Fetched 11 font face(s) for "Inter" from Google Fonts (cached to C:\Users\Lenovo\.cache\hyperframes\fonts\inter)
[INFO] [Compiler] Fetched 10 font face(s) for "JetBrains Mono" from Google Fonts (cached to C:\Users\Lenovo\.cache\hyperframes\fonts\jetbrains-mono)
[INFO] [Compiler] Injected deterministic @font-face rules for 2 requested font families
[INFO] [Compiler] Fetched 11 font face(s) for "Inter" from Google Fonts (cached to C:\Users\Lenovo\.cache\hyperframes\fonts\inter)
[INFO] [Compiler] Fetched 10 font face(s) for "JetBrains Mono" from Google Fonts (cached to C:\Users\Lenovo\.cache\hyperframes\fonts\jetbrains-mono)
[INFO] [Compiler] Fetched 11 font face(s) for "Poppins" from Google Fonts (cached to C:\Users\Lenovo\.cache\hyperframes\fonts\poppins)
[INFO] [Compiler] Injected deterministic @font-face rules for 3 requested font families
[INFO] [Compiler] Fetched 11 font face(s) for "Inter" from Google Fonts (cached to C:\Users\Lenovo\.cache\hyperframes\fonts\inter)
[INFO] [Compiler] Fetched 10 font face(s) for "JetBrains Mono" from Google Fonts (cached to C:\Users\Lenovo\.cache\hyperframes\fonts\jetbrains-mono)
[INFO] [Compiler] Injected deterministic @font-face rules for 2 requested font families
[INFO] [Compiler] Fetched 11 font face(s) for "Inter" from Google Fonts (cached to C:\Users\Lenovo\.cache\hyperframes\fonts\inter)
[INFO] [Compiler] Fetched 10 font face(s) for "JetBrains Mono" from Google Fonts (cached to C:\Users\Lenovo\.cache\hyperframes\fonts\jetbrains-mono)
[INFO] [Compiler] Injected deterministic @font-face rules for 2 requested font families
[INFO] [Compiler] Fetched 11 font face(s) for "Inter" from Google Fonts (cached to C:\Users\Lenovo\.cache\hyperframes\fonts\inter)
[INFO] [Compiler] Fetched 11 font face(s) for "Inter" from Google Fonts (cached to C:\Users\Lenovo\.cache\hyperframes\fonts\inter)
[INFO] [Compiler] Fetched 10 font face(s) for "JetBrains Mono" from Google Fonts (cached to C:\Users\Lenovo\.cache\hyperframes\fonts\jetbrains-mono)
[INFO] [Compiler] Fetched 10 font face(s) for "JetBrains Mono" from Google Fonts (cached to C:\Users\Lenovo\.cache\hyperframes\fonts\jetbrains-mono)
[INFO] [Compiler] Fetched 11 font face(s) for "Poppins" from Google Fonts (cached to C:\Users\Lenovo\.cache\hyperframes\fonts\poppins)
[INFO] [Compiler] Injected deterministic @font-face rules for 3 requested font families
[INFO] [Compiler] Fetched 11 font face(s) for "Poppins" from Google Fonts (cached to C:\Users\Lenovo\.cache\hyperframes\fonts\poppins)
[INFO] [Compiler] Injected deterministic @font-face rules for 3 requested font families
[INFO] [Compiler] Fetched 11 font face(s) for "Inter" from Google Fonts (cached to C:\Users\Lenovo\.cache\hyperframes\fonts\inter)
[INFO] [Compiler] Fetched 10 font face(s) for "JetBrains Mono" from Google Fonts (cached to C:\Users\Lenovo\.cache\hyperframes\fonts\jetbrains-mono)
[INFO] [Compiler] Fetched 11 font face(s) for "Poppins" from Google Fonts (cached to C:\Users\Lenovo\.cache\hyperframes\fonts\poppins)
[INFO] [Compiler] Injected deterministic @font-face rules for 3 requested font families
[INFO] [Compiler] Fetched 11 font face(s) for "Inter" from Google Fonts (cached to C:\Users\Lenovo\.cache\hyperframes\fonts\inter)
[INFO] [Compiler] Fetched 10 font face(s) for "JetBrains Mono" from Google Fonts (cached to C:\Users\Lenovo\.cache\hyperframes\fonts\jetbrains-mono)
[INFO] [Compiler] Fetched 11 font face(s) for "Poppins" from Google Fonts (cached to C:\Users\Lenovo\.cache\hyperframes\fonts\poppins)
[INFO] [Compiler] Injected deterministic @font-face rules for 3 requested font families
[INFO] [Compiler] Fetched 11 font face(s) for "Inter" from Google Fonts (cached to C:\Users\Lenovo\.cache\hyperframes\fonts\inter)
[INFO] [Compiler] Fetched 10 font face(s) for "JetBrains Mono" from Google Fonts (cached to C:\Users\Lenovo\.cache\hyperframes\fonts\jetbrains-mono)
[INFO] [Compiler] Fetched 11 font face(s) for "Poppins" from Google Fonts (cached to C:\Users\Lenovo\.cache\hyperframes\fonts\poppins)
[INFO] [Compiler] Injected deterministic @font-face rules for 3 requested font families
[INFO] [Compiler] Fetched 11 font face(s) for "Inter" from Google Fonts (cached to C:\Users\Lenovo\.cache\hyperframes\fonts\inter)
[INFO] [Compiler] Fetched 10 font face(s) for "JetBrains Mono" from Google Fonts (cached to C:\Users\Lenovo\.cache\hyperframes\fonts\jetbrains-mono)
[INFO] [Compiler] Fetched 11 font face(s) for "Poppins" from Google Fonts (cached to C:\Users\Lenovo\.cache\hyperframes\fonts\poppins)
[INFO] [Compiler] Injected deterministic @font-face rules for 3 requested font families
[INFO] [Compiler] Fetched 11 font face(s) for "Inter" from Google Fonts (cached to C:\Users\Lenovo\.cache\hyperframes\fonts\inter)
[INFO] [Compiler] Fetched 10 font face(s) for "JetBrains Mono" from Google Fonts (cached to C:\Users\Lenovo\.cache\hyperframes\fonts\jetbrains-mono)
[INFO] [Compiler] Fetched 11 font face(s) for "Poppins" from Google Fonts (cached to C:\Users\Lenovo\.cache\hyperframes\fonts\poppins)
[INFO] [Compiler] Injected deterministic @font-face rules for 3 requested font families
[INFO] [Compiler] Fetched 11 font face(s) for "Inter" from Google Fonts (cached to C:\Users\Lenovo\.cache\hyperframes\fonts\inter)
[INFO] [Compiler] Fetched 10 font face(s) for "JetBrains Mono" from Google Fonts (cached to C:\Users\Lenovo\.cache\hyperframes\fonts\jetbrains-mono)
[INFO] [Compiler] Fetched 11 font face(s) for "Poppins" from Google Fonts (cached to C:\Users\Lenovo\.cache\hyperframes\fonts\poppins)
[INFO] [Compiler] Injected deterministic @font-face rules for 3 requested font families
[INFO] [Compiler] Fetched 11 font face(s) for "Inter" from Google Fonts (cached to C:\Users\Lenovo\.cache\hyperframes\fonts\inter)
[INFO] [Compiler] Fetched 10 font face(s) for "JetBrains Mono" from Google Fonts (cached to C:\Users\Lenovo\.cache\hyperframes\fonts\jetbrains-mono)
[INFO] [Compiler] Fetched 11 font face(s) for "Poppins" from Google Fonts (cached to C:\Users\Lenovo\.cache\hyperframes\fonts\poppins)
[INFO] [Compiler] Injected deterministic @font-face rules for 3 requested font families
[INFO] [Compiler] Fetched 11 font face(s) for "Inter" from Google Fonts (cached to C:\Users\Lenovo\.cache\hyperframes\fonts\inter)
[INFO] [Compiler] Fetched 10 font face(s) for "JetBrains Mono" from Google Fonts (cached to C:\Users\Lenovo\.cache\hyperframes\fonts\jetbrains-mono)
[INFO] [Compiler] Fetched 11 font face(s) for "Poppins" from Google Fonts (cached to C:\Users\Lenovo\.cache\hyperframes\fonts\poppins)
[INFO] [Compiler] Injected deterministic @font-face rules for 3 requested font families
[INFO] [Compiler] Fetched 11 font face(s) for "Inter" from Google Fonts (cached to C:\Users\Lenovo\.cache\hyperframes\fonts\inter)
[INFO] [Compiler] Fetched 10 font face(s) for "JetBrains Mono" from Google Fonts (cached to C:\Users\Lenovo\.cache\hyperframes\fonts\jetbrains-mono)
[INFO] [Compiler] Fetched 11 font face(s) for "Poppins" from Google Fonts (cached to C:\Users\Lenovo\.cache\hyperframes\fonts\poppins)
[INFO] [Compiler] Injected deterministic @font-face rules for 3 requested font families
[INFO] [Compiler] Fetched 11 font face(s) for "Inter" from Google Fonts (cached to C:\Users\Lenovo\.cache\hyperframes\fonts\inter)
[INFO] [Compiler] Fetched 10 font face(s) for "JetBrains Mono" from Google Fonts (cached to C:\Users\Lenovo\.cache\hyperframes\fonts\jetbrains-mono)
[INFO] [Compiler] Fetched 11 font face(s) for "Poppins" from Google Fonts (cached to C:\Users\Lenovo\.cache\hyperframes\fonts\poppins)
[INFO] [Compiler] Injected deterministic @font-face rules for 3 requested font families
[INFO] [Compiler] Fetched 11 font face(s) for "Inter" from Google Fonts (cached to C:\Users\Lenovo\.cache\hyperframes\fonts\inter)
[INFO] [Compiler] Fetched 10 font face(s) for "JetBrains Mono" from Google Fonts (cached to C:\Users\Lenovo\.cache\hyperframes\fonts\jetbrains-mono)
[INFO] [Compiler] Fetched 11 font face(s) for "Poppins" from Google Fonts (cached to C:\Users\Lenovo\.cache\hyperframes\fonts\poppins)
[INFO] [Compiler] Injected deterministic @font-face rules for 3 requested font families
[INFO] [Compiler] Fetched 11 font face(s) for "Inter" from Google Fonts (cached to C:\Users\Lenovo\.cache\hyperframes\fonts\inter)
[INFO] [Compiler] Fetched 10 font face(s) for "JetBrains Mono" from Google Fonts (cached to C:\Users\Lenovo\.cache\hyperframes\fonts\jetbrains-mono)
[INFO] [Compiler] Fetched 11 font face(s) for "Poppins" from Google Fonts (cached to C:\Users\Lenovo\.cache\hyperframes\fonts\poppins)
[INFO] [Compiler] Injected deterministic @font-face rules for 3 requested font families
[INFO] [Compiler] Fetched 11 font face(s) for "Inter" from Google Fonts (cached to C:\Users\Lenovo\.cache\hyperframes\fonts\inter)
[INFO] [Compiler] Fetched 10 font face(s) for "JetBrains Mono" from Google Fonts (cached to C:\Users\Lenovo\.cache\hyperframes\fonts\jetbrains-mono)
[INFO] [Compiler] Fetched 11 font face(s) for "Poppins" from Google Fonts (cached to C:\Users\Lenovo\.cache\hyperframes\fonts\poppins)
[INFO] [Compiler] Injected deterministic @font-face rules for 3 requested font families
[INFO] [Compiler] Fetched 11 font face(s) for "Inter" from Google Fonts (cached to C:\Users\Lenovo\.cache\hyperframes\fonts\inter)
[INFO] [Compiler] Fetched 10 font face(s) for "JetBrains Mono" from Google Fonts (cached to C:\Users\Lenovo\.cache\hyperframes\fonts\jetbrains-mono)
[INFO] [Compiler] Fetched 11 font face(s) for "Poppins" from Google Fonts (cached to C:\Users\Lenovo\.cache\hyperframes\fonts\poppins)
[INFO] [Compiler] Injected deterministic @font-face rules for 3 requested font families
[INFO] [Compiler] Fetched 11 font face(s) for "Inter" from Google Fonts (cached to C:\Users\Lenovo\.cache\hyperframes\fonts\inter)
[INFO] [Compiler] Fetched 10 font face(s) for "JetBrains Mono" from Google Fonts (cached to C:\Users\Lenovo\.cache\hyperframes\fonts\jetbrains-mono)
[INFO] [Compiler] Fetched 11 font face(s) for "Poppins" from Google Fonts (cached to C:\Users\Lenovo\.cache\hyperframes\fonts\poppins)
[INFO] [Compiler] Injected deterministic @font-face rules for 3 requested font families
[INFO] [Compiler] Fetched 11 font face(s) for "Inter" from Google Fonts (cached to C:\Users\Lenovo\.cache\hyperframes\fonts\inter)
[INFO] [Compiler] Fetched 10 font face(s) for "JetBrains Mono" from Google Fonts (cached to C:\Users\Lenovo\.cache\hyperframes\fonts\jetbrains-mono)
[INFO] [Compiler] Fetched 11 font face(s) for "Poppins" from Google Fonts (cached to C:\Users\Lenovo\.cache\hyperframes\fonts\poppins)
[INFO] [Compiler] Injected deterministic @font-face rules for 3 requested font families
[INFO] [Compiler] Fetched 11 font face(s) for "Inter" from Google Fonts (cached to C:\Users\Lenovo\.cache\hyperframes\fonts\inter)
[INFO] [Compiler] Fetched 10 font face(s) for "JetBrains Mono" from Google Fonts (cached to C:\Users\Lenovo\.cache\hyperframes\fonts\jetbrains-mono)
[INFO] [Compiler] Fetched 11 font face(s) for "Poppins" from Google Fonts (cached to C:\Users\Lenovo\.cache\hyperframes\fonts\poppins)
[INFO] [Compiler] Injected deterministic @font-face rules for 3 requested font families
[INFO] [Compiler] Fetched 11 font face(s) for "Inter" from Google Fonts (cached to C:\Users\Lenovo\.cache\hyperframes\fonts\inter)
[INFO] [Compiler] Fetched 10 font face(s) for "JetBrains Mono" from Google Fonts (cached to C:\Users\Lenovo\.cache\hyperframes\fonts\jetbrains-mono)
[INFO] [Compiler] Fetched 11 font face(s) for "Poppins" from Google Fonts (cached to C:\Users\Lenovo\.cache\hyperframes\fonts\poppins)
[INFO] [Compiler] Injected deterministic @font-face rules for 3 requested font families
[INFO] [Compiler] Fetched 11 font face(s) for "Inter" from Google Fonts (cached to C:\Users\Lenovo\.cache\hyperframes\fonts\inter)
[INFO] [Compiler] Fetched 10 font face(s) for "JetBrains Mono" from Google Fonts (cached to C:\Users\Lenovo\.cache\hyperframes\fonts\jetbrains-mono)
[INFO] [Compiler] Fetched 11 font face(s) for "Poppins" from Google Fonts (cached to C:\Users\Lenovo\.cache\hyperframes\fonts\poppins)
[INFO] [Compiler] Injected deterministic @font-face rules for 3 requested font families
[INFO] [Compiler] Fetched 11 font face(s) for "Inter" from Google Fonts (cached to C:\Users\Lenovo\.cache\hyperframes\fonts\inter)
[INFO] [Compiler] Fetched 11 font face(s) for "Inter" from Google Fonts (cached to C:\Users\Lenovo\.cache\hyperframes\fonts\inter)
[INFO] [Compiler] Fetched 10 font face(s) for "JetBrains Mono" from Google Fonts (cached to C:\Users\Lenovo\.cache\hyperframes\fonts\jetbrains-mono)
[INFO] [Compiler] Fetched 10 font face(s) for "JetBrains Mono" from Google Fonts (cached to C:\Users\Lenovo\.cache\hyperframes\fonts\jetbrains-mono)
[INFO] [Compiler] Fetched 11 font face(s) for "Poppins" from Google Fonts (cached to C:\Users\Lenovo\.cache\hyperframes\fonts\poppins)
[INFO] [Compiler] Injected deterministic @font-face rules for 3 requested font families
[INFO] [Compiler] Fetched 11 font face(s) for "Poppins" from Google Fonts (cached to C:\Users\Lenovo\.cache\hyperframes\fonts\poppins)
[INFO] [Compiler] Injected deterministic @font-face rules for 3 requested font families
[INFO] [Compiler] Fetched 11 font face(s) for "Inter" from Google Fonts (cached to C:\Users\Lenovo\.cache\hyperframes\fonts\inter)
[INFO] [Compiler] Fetched 11 font face(s) for "Inter" from Google Fonts (cached to C:\Users\Lenovo\.cache\hyperframes\fonts\inter)
[INFO] [Compiler] Fetched 10 font face(s) for "JetBrains Mono" from Google Fonts (cached to C:\Users\Lenovo\.cache\hyperframes\fonts\jetbrains-mono)
[INFO] [Compiler] Fetched 11 font face(s) for "Poppins" from Google Fonts (cached to C:\Users\Lenovo\.cache\hyperframes\fonts\poppins)
[INFO] [Compiler] Injected deterministic @font-face rules for 3 requested font families
[INFO] [Compiler] Fetched 10 font face(s) for "JetBrains Mono" from Google Fonts (cached to C:\Users\Lenovo\.cache\hyperframes\fonts\jetbrains-mono)
[INFO] [Compiler] Fetched 11 font face(s) for "Poppins" from Google Fonts (cached to C:\Users\Lenovo\.cache\hyperframes\fonts\poppins)
[INFO] [Compiler] Injected deterministic @font-face rules for 3 requested font families
[INFO] [Compiler] Fetched 11 font face(s) for "Inter" from Google Fonts (cached to C:\Users\Lenovo\.cache\hyperframes\fonts\inter)
[INFO] [Compiler] Fetched 10 font face(s) for "JetBrains Mono" from Google Fonts (cached to C:\Users\Lenovo\.cache\hyperframes\fonts\jetbrains-mono)
[INFO] [Compiler] Fetched 11 font face(s) for "Poppins" from Google Fonts (cached to C:\Users\Lenovo\.cache\hyperframes\fonts\poppins)
[INFO] [Compiler] Injected deterministic @font-face rules for 3 requested font families
[INFO] [Compiler] Fetched 11 font face(s) for "Inter" from Google Fonts (cached to C:\Users\Lenovo\.cache\hyperframes\fonts\inter)
[INFO] [Compiler] Fetched 10 font face(s) for "JetBrains Mono" from Google Fonts (cached to C:\Users\Lenovo\.cache\hyperframes\fonts\jetbrains-mono)
[INFO] [Compiler] Fetched 11 font face(s) for "Poppins" from Google Fonts (cached to C:\Users\Lenovo\.cache\hyperframes\fonts\poppins)
[INFO] [Compiler] Injected deterministic @font-face rules for 3 requested font families
[INFO] [Compiler] Fetched 11 font face(s) for "Inter" from Google Fonts (cached to C:\Users\Lenovo\.cache\hyperframes\fonts\inter)
[INFO] [Compiler] Fetched 11 font face(s) for "Inter" from Google Fonts (cached to C:\Users\Lenovo\.cache\hyperframes\fonts\inter)
[INFO] [Compiler] Fetched 10 font face(s) for "JetBrains Mono" from Google Fonts (cached to C:\Users\Lenovo\.cache\hyperframes\fonts\jetbrains-mono)
[INFO] [Compiler] Fetched 10 font face(s) for "JetBrains Mono" from Google Fonts (cached to C:\Users\Lenovo\.cache\hyperframes\fonts\jetbrains-mono)
[INFO] [Compiler] Fetched 11 font face(s) for "Poppins" from Google Fonts (cached to C:\Users\Lenovo\.cache\hyperframes\fonts\poppins)
[INFO] [Compiler] Injected deterministic @font-face rules for 3 requested font families
[INFO] [Compiler] Fetched 11 font face(s) for "Poppins" from Google Fonts (cached to C:\Users\Lenovo\.cache\hyperframes\fonts\poppins)
[INFO] [Compiler] Injected deterministic @font-face rules for 3 requested font families
[INFO] [Compiler] Fetched 11 font face(s) for "Inter" from Google Fonts (cached to C:\Users\Lenovo\.cache\hyperframes\fonts\inter)
[INFO] [Compiler] Fetched 10 font face(s) for "JetBrains Mono" from Google Fonts (cached to C:\Users\Lenovo\.cache\hyperframes\fonts\jetbrains-mono)
[INFO] [Compiler] Fetched 11 font face(s) for "Poppins" from Google Fonts (cached to C:\Users\Lenovo\.cache\hyperframes\fonts\poppins)
[INFO] [Compiler] Injected deterministic @font-face rules for 3 requested font families
[INFO] [Compiler] Fetched 11 font face(s) for "Inter" from Google Fonts (cached to C:\Users\Lenovo\.cache\hyperframes\fonts\inter)
[INFO] [Compiler] Fetched 10 font face(s) for "JetBrains Mono" from Google Fonts (cached to C:\Users\Lenovo\.cache\hyperframes\fonts\jetbrains-mono)
[INFO] [Compiler] Fetched 11 font face(s) for "Poppins" from Google Fonts (cached to C:\Users\Lenovo\.cache\hyperframes\fonts\poppins)
[INFO] [Compiler] Injected deterministic @font-face rules for 3 requested font families
[INFO] [Compiler] Fetched 11 font face(s) for "Inter" from Google Fonts (cached to C:\Users\Lenovo\.cache\hyperframes\fonts\inter)
[INFO] [Compiler] Fetched 10 font face(s) for "JetBrains Mono" from Google Fonts (cached to C:\Users\Lenovo\.cache\hyperframes\fonts\jetbrains-mono)
[INFO] [Compiler] Fetched 11 font face(s) for "Poppins" from Google Fonts (cached to C:\Users\Lenovo\.cache\hyperframes\fonts\poppins)
[INFO] [Compiler] Injected deterministic @font-face rules for 3 requested font families
[INFO] [Compiler] Fetched 11 font face(s) for "Inter" from Google Fonts (cached to C:\Users\Lenovo\.cache\hyperframes\fonts\inter)
[INFO] [Compiler] Fetched 10 font face(s) for "JetBrains Mono" from Google Fonts (cached to C:\Users\Lenovo\.cache\hyperframes\fonts\jetbrains-mono)
[INFO] [Compiler] Fetched 11 font face(s) for "Poppins" from Google Fonts (cached to C:\Users\Lenovo\.cache\hyperframes\fonts\poppins)
[INFO] [Compiler] Injected deterministic @font-face rules for 3 requested font families
[INFO] [Compiler] Fetched 11 font face(s) for "Inter" from Google Fonts (cached to C:\Users\Lenovo\.cache\hyperframes\fonts\inter)
[INFO] [Compiler] Fetched 10 font face(s) for "JetBrains Mono" from Google Fonts (cached to C:\Users\Lenovo\.cache\hyperframes\fonts\jetbrains-mono)
[INFO] [Compiler] Fetched 11 font face(s) for "Poppins" from Google Fonts (cached to C:\Users\Lenovo\.cache\hyperframes\fonts\poppins)
[INFO] [Compiler] Injected deterministic @font-face rules for 3 requested font families
[INFO] [Compiler] Fetched 11 font face(s) for "Inter" from Google Fonts (cached to C:\Users\Lenovo\.cache\hyperframes\fonts\inter)
[INFO] [Compiler] Fetched 10 font face(s) for "JetBrains Mono" from Google Fonts (cached to C:\Users\Lenovo\.cache\hyperframes\fonts\jetbrains-mono)
[INFO] [Compiler] Fetched 11 font face(s) for "Poppins" from Google Fonts (cached to C:\Users\Lenovo\.cache\hyperframes\fonts\poppins)
[INFO] [Compiler] Injected deterministic @font-face rules for 3 requested font families
[INFO] [Compiler] Fetched 11 font face(s) for "Inter" from Google Fonts (cached to C:\Users\Lenovo\.cache\hyperframes\fonts\inter)
[INFO] [Compiler] Fetched 10 font face(s) for "JetBrains Mono" from Google Fonts (cached to C:\Users\Lenovo\.cache\hyperframes\fonts\jetbrains-mono)
[INFO] [Compiler] Fetched 11 font face(s) for "Poppins" from Google Fonts (cached to C:\Users\Lenovo\.cache\hyperframes\fonts\poppins)
[INFO] [Compiler] Injected deterministic @font-face rules for 3 requested font families
[INFO] [Compiler] Fetched 11 font face(s) for "Inter" from Google Fonts (cached to C:\Users\Lenovo\.cache\hyperframes\fonts\inter)
[INFO] [Compiler] Fetched 10 font face(s) for "JetBrains Mono" from Google Fonts (cached to C:\Users\Lenovo\.cache\hyperframes\fonts\jetbrains-mono)
[INFO] [Compiler] Fetched 11 font face(s) for "Poppins" from Google Fonts (cached to C:\Users\Lenovo\.cache\hyperframes\fonts\poppins)
[INFO] [Compiler] Injected deterministic @font-face rules for 3 requested font families
[INFO] [Compiler] Fetched 11 font face(s) for "Inter" from Google Fonts (cached to C:\Users\Lenovo\.cache\hyperframes\fonts\inter)
[INFO] [Compiler] Fetched 10 font face(s) for "JetBrains Mono" from Google Fonts (cached to C:\Users\Lenovo\.cache\hyperframes\fonts\jetbrains-mono)
[INFO] [Compiler] Fetched 11 font face(s) for "Poppins" from Google Fonts (cached to C:\Users\Lenovo\.cache\hyperframes\fonts\poppins)
[INFO] [Compiler] Injected deterministic @font-face rules for 3 requested font families
[INFO] [Compiler] Fetched 11 font face(s) for "Poppins" from Google Fonts (cached to C:\Users\Lenovo\.cache\hyperframes\fonts\poppins)
[INFO] [Compiler] Injected deterministic @font-face rules for 1 requested font families
[INFO] [Compiler] Fetched 11 font face(s) for "Poppins" from Google Fonts (cached to C:\Users\Lenovo\.cache\hyperframes\fonts\poppins)
[INFO] [Compiler] Injected deterministic @font-face rules for 1 requested font families
[INFO] [Compiler] Fetched 11 font face(s) for "Poppins" from Google Fonts (cached to C:\Users\Lenovo\.cache\hyperframes\fonts\poppins)
[INFO] [Compiler] Injected deterministic @font-face rules for 1 requested font families
[INFO] [Compiler] Fetched 11 font face(s) for "Poppins" from Google Fonts (cached to C:\Users\Lenovo\.cache\hyperframes\fonts\poppins)
[INFO] [Compiler] Injected deterministic @font-face rules for 1 requested font families
[INFO] [Compiler] Fetched 11 font face(s) for "Poppins" from Google Fonts (cached to C:\Users\Lenovo\.cache\hyperframes\fonts\poppins)
[INFO] [Compiler] Injected deterministic @font-face rules for 1 requested font families
[INFO] [Compiler] Fetched 11 font face(s) for "Poppins" from Google Fonts (cached to C:\Users\Lenovo\.cache\hyperframes\fonts\poppins)
[INFO] [Compiler] Injected deterministic @font-face rules for 1 requested font families
[INFO] [Compiler] Fetched 11 font face(s) for "Poppins" from Google Fonts (cached to C:\Users\Lenovo\.cache\hyperframes\fonts\poppins)
[INFO] [Compiler] Injected deterministic @font-face rules for 1 requested font families
[INFO] [Compiler] Fetched 11 font face(s) for "Poppins" from Google Fonts (cached to C:\Users\Lenovo\.cache\hyperframes\fonts\poppins)
[INFO] [Compiler] Injected deterministic @font-face rules for 1 requested font families
[INFO] [Compiler] Fetched 11 font face(s) for "Poppins" from Google Fonts (cached to C:\Users\Lenovo\.cache\hyperframes\fonts\poppins)
[INFO] [Compiler] Injected deterministic @font-face rules for 1 requested font families
[INFO] [Compiler] Fetched 11 font face(s) for "Poppins" from Google Fonts (cached to C:\Users\Lenovo\.cache\hyperframes\fonts\poppins)
[INFO] [Compiler] Injected deterministic @font-face rules for 1 requested font families
[INFO] [Compiler] Fetched 11 font face(s) for "Poppins" from Google Fonts (cached to C:\Users\Lenovo\.cache\hyperframes\fonts\poppins)
[INFO] [Compiler] Injected deterministic @font-face rules for 1 requested font families
[INFO] [Compiler] Fetched 11 font face(s) for "Poppins" from Google Fonts (cached to C:\Users\Lenovo\.cache\hyperframes\fonts\poppins)
[INFO] [Compiler] Injected deterministic @font-face rules for 1 requested font families
[INFO] [Compiler] Fetched 11 font face(s) for "Poppins" from Google Fonts (cached to C:\Users\Lenovo\.cache\hyperframes\fonts\poppins)
[INFO] [Compiler] Injected deterministic @font-face rules for 1 requested font families
[INFO] [Compiler] Fetched 11 font face(s) for "Poppins" from Google Fonts (cached to C:\Users\Lenovo\.cache\hyperframes\fonts\poppins)
[INFO] [Compiler] Injected deterministic @font-face rules for 1 requested font families
[INFO] [Compiler] Fetched 11 font face(s) for "Poppins" from Google Fonts (cached to C:\Users\Lenovo\.cache\hyperframes\fonts\poppins)
[INFO] [Compiler] Injected deterministic @font-face rules for 1 requested font families
[INFO] [Compiler] Fetched 11 font face(s) for "Poppins" from Google Fonts (cached to C:\Users\Lenovo\.cache\hyperframes\fonts\poppins)
[INFO] [Compiler] Injected deterministic @font-face rules for 1 requested font families
[INFO] [Compiler] Fetched 11 font face(s) for "Poppins" from Google Fonts (cached to C:\Users\Lenovo\.cache\hyperframes\fonts\poppins)
[INFO] [Compiler] Injected deterministic @font-face rules for 1 requested font families
[INFO] [Compiler] Fetched 11 font face(s) for "Poppins" from Google Fonts (cached to C:\Users\Lenovo\.cache\hyperframes\fonts\poppins)
[INFO] [Compiler] Injected deterministic @font-face rules for 1 requested font families
[INFO] [Compiler] Fetched 11 font face(s) for "Poppins" from Google Fonts (cached to C:\Users\Lenovo\.cache\hyperframes\fonts\poppins)
[INFO] [Compiler] Injected deterministic @font-face rules for 1 requested font families
[INFO] [Compiler] Fetched 11 font face(s) for "Poppins" from Google Fonts (cached to C:\Users\Lenovo\.cache\hyperframes\fonts\poppins)
[INFO] [Compiler] Injected deterministic @font-face rules for 1 requested font families
[INFO] [Compiler] Fetched 11 font face(s) for "Poppins" from Google Fonts (cached to C:\Users\Lenovo\.cache\hyperframes\fonts\poppins)
[INFO] [Compiler] Injected deterministic @font-face rules for 1 requested font families
[INFO] [Compiler] Fetched 11 font face(s) for "Poppins" from Google Fonts (cached to C:\Users\Lenovo\.cache\hyperframes\fonts\poppins)
[INFO] [Compiler] Injected deterministic @font-face rules for 1 requested font families
[INFO] [Compiler] Fetched 11 font face(s) for "Poppins" from Google Fonts (cached to C:\Users\Lenovo\.cache\hyperframes\fonts\poppins)
[INFO] [Compiler] Injected deterministic @font-face rules for 1 requested font families
[INFO] [Compiler] Fetched 11 font face(s) for "Poppins" from Google Fonts (cached to C:\Users\Lenovo\.cache\hyperframes\fonts\poppins)
[INFO] [Compiler] Injected deterministic @font-face rules for 1 requested font families
[INFO] [Compiler] Fetched 11 font face(s) for "Poppins" from Google Fonts (cached to C:\Users\Lenovo\.cache\hyperframes\fonts\poppins)
[INFO] [Compiler] Injected deterministic @font-face rules for 1 requested font families
[INFO] [Compiler] Fetched 11 font face(s) for "Poppins" from Google Fonts (cached to C:\Users\Lenovo\.cache\hyperframes\fonts\poppins)
[INFO] [Compiler] Injected deterministic @font-face rules for 1 requested font families
[INFO] [Compiler] Fetched 11 font face(s) for "Poppins" from Google Fonts (cached to C:\Users\Lenovo\.cache\hyperframes\fonts\poppins)
[INFO] [Compiler] Injected deterministic @font-face rules for 1 requested font families
[INFO] [Compiler] Fetched 11 font face(s) for "Poppins" from Google Fonts (cached to C:\Users\Lenovo\.cache\hyperframes\fonts\poppins)
[INFO] [Compiler] Injected deterministic @font-face rules for 1 requested font families
[INFO] [Compiler] Fetched 11 font face(s) for "Poppins" from Google Fonts (cached to C:\Users\Lenovo\.cache\hyperframes\fonts\poppins)
[INFO] [Compiler] Injected deterministic @font-face rules for 1 requested font families
[INFO] [Compiler] Fetched 11 font face(s) for "Poppins" from Google Fonts (cached to C:\Users\Lenovo\.cache\hyperframes\fonts\poppins)
[INFO] [Compiler] Injected deterministic @font-face rules for 1 requested font families
[INFO] [Compiler] Fetched 11 font face(s) for "Poppins" from Google Fonts (cached to C:\Users\Lenovo\.cache\hyperframes\fonts\poppins)
[INFO] [Compiler] Injected deterministic @font-face rules for 1 requested font families
[INFO] [Compiler] Fetched 11 font face(s) for "Poppins" from Google Fonts (cached to C:\Users\Lenovo\.cache\hyperframes\fonts\poppins)
[INFO] [Compiler] Injected deterministic @font-face rules for 1 requested font families
[INFO] [Compiler] Fetched 11 font face(s) for "Poppins" from Google Fonts (cached to C:\Users\Lenovo\.cache\hyperframes\fonts\poppins)
[INFO] [Compiler] Injected deterministic @font-face rules for 1 requested font families
[INFO] [Compiler] Fetched 11 font face(s) for "Poppins" from Google Fonts (cached to C:\Users\Lenovo\.cache\hyperframes\fonts\poppins)
[INFO] [Compiler] Injected deterministic @font-face rules for 1 requested font families
[INFO] [Compiler] Fetched 11 font face(s) for "Poppins" from Google Fonts (cached to C:\Users\Lenovo\.cache\hyperframes\fonts\poppins)
[INFO] [Compiler] Injected deterministic @font-face rules for 1 requested font families
[INFO] [Compiler] Fetched 11 font face(s) for "Poppins" from Google Fonts (cached to C:\Users\Lenovo\.cache\hyperframes\fonts\poppins)
[INFO] [Compiler] Injected deterministic @font-face rules for 1 requested font families
[INFO] [Compiler] Fetched 11 font face(s) for "Poppins" from Google Fonts (cached to C:\Users\Lenovo\.cache\hyperframes\fonts\poppins)
[INFO] [Compiler] Injected deterministic @font-face rules for 1 requested font families
[INFO] [Compiler] Fetched 11 font face(s) for "Poppins" from Google Fonts (cached to C:\Users\Lenovo\.cache\hyperframes\fonts\poppins)
[INFO] [Compiler] Injected deterministic @font-face rules for 1 requested font families
[INFO] [Compiler] Fetched 11 font face(s) for "Poppins" from Google Fonts (cached to C:\Users\Lenovo\.cache\hyperframes\fonts\poppins)
[INFO] [Compiler] Injected deterministic @font-face rules for 1 requested font families
[INFO] [Compiler] Fetched 11 font face(s) for "Poppins" from Google Fonts (cached to C:\Users\Lenovo\.cache\hyperframes\fonts\poppins)
[INFO] [Compiler] Injected deterministic @font-face rules for 1 requested font families
[INFO] [Compiler] Fetched 11 font face(s) for "Poppins" from Google Fonts (cached to C:\Users\Lenovo\.cache\hyperframes\fonts\poppins)
[INFO] [Compiler] Injected deterministic @font-face rules for 1 requested font families
[INFO] [Compiler] Fetched 11 font face(s) for "Poppins" from Google Fonts (cached to C:\Users\Lenovo\.cache\hyperframes\fonts\poppins)
[INFO] [Compiler] Injected deterministic @font-face rules for 1 requested font families
[INFO] [Compiler] Fetched 11 font face(s) for "Poppins" from Google Fonts (cached to C:\Users\Lenovo\.cache\hyperframes\fonts\poppins)
[INFO] [Compiler] Injected deterministic @font-face rules for 1 requested font families
[INFO] [Compiler] Fetched 11 font face(s) for "Poppins" from Google Fonts (cached to C:\Users\Lenovo\.cache\hyperframes\fonts\poppins)
[INFO] [Compiler] Injected deterministic @font-face rules for 1 requested font families
[BrowserManager] Browser launched (HeadlessChrome/152.0.7928.2, screenshot, gl=--use-gl=angle --use-angle=swiftshader, headlessShell=true, platform=win32)
[INFO] [Compiler] Fetched 11 font face(s) for "Poppins" from Google Fonts (cached to C:\Users\Lenovo\.cache\hyperframes\fonts\poppins)
[INFO] [Compiler] Injected deterministic @font-face rules for 1 requested font families
[INFO] [Compiler] Fetched 11 font face(s) for "Poppins" from Google Fonts (cached to C:\Users\Lenovo\.cache\hyperframes\fonts\poppins)
[INFO] [Compiler] Injected deterministic @font-face rules for 1 requested font families
[INFO] [Compiler] Fetched 11 font face(s) for "Poppins" from Google Fonts (cached to C:\Users\Lenovo\.cache\hyperframes\fonts\poppins)
[INFO] [Compiler] Injected deterministic @font-face rules for 1 requested font families
[INFO] [Compiler] Fetched 11 font face(s) for "Poppins" from Google Fonts (cached to C:\Users\Lenovo\.cache\hyperframes\fonts\poppins)
[INFO] [Compiler] Injected deterministic @font-face rules for 1 requested font families
[INFO] [Compiler] Fetched 11 font face(s) for "Poppins" from Google Fonts (cached to C:\Users\Lenovo\.cache\hyperframes\fonts\poppins)
[INFO] [Compiler] Injected deterministic @font-face rules for 1 requested font families
[BrowserManager] Browser launched (HeadlessChrome/152.0.7928.2, screenshot, gl=--use-gl=angle --use-angle=swiftshader, headlessShell=true, platform=win32)
[INFO] [Compiler] Fetched 11 font face(s) for "Poppins" from Google Fonts (cached to C:\Users\Lenovo\.cache\hyperframes\fonts\poppins)
[INFO] [Compiler] Injected deterministic @font-face rules for 1 requested font families
[INFO] [Compiler] Fetched 11 font face(s) for "Poppins" from Google Fonts (cached to C:\Users\Lenovo\.cache\hyperframes\fonts\poppins)
[INFO] [Compiler] Injected deterministic @font-face rules for 1 requested font families
[INFO] [Compiler] Fetched 11 font face(s) for "Poppins" from Google Fonts (cached to C:\Users\Lenovo\.cache\hyperframes\fonts\poppins)
[INFO] [Compiler] Injected deterministic @font-face rules for 1 requested font families
[INFO] [Compiler] Fetched 11 font face(s) for "Poppins" from Google Fonts (cached to C:\Users\Lenovo\.cache\hyperframes\fonts\poppins)
[INFO] [Compiler] Injected deterministic @font-face rules for 1 requested font families
[INFO] [Compiler] Fetched 11 font face(s) for "Poppins" from Google Fonts (cached to C:\Users\Lenovo\.cache\hyperframes\fonts\poppins)
[INFO] [Compiler] Injected deterministic @font-face rules for 1 requested font families
[INFO] [Compiler] Fetched 11 font face(s) for "Poppins" from Google Fonts (cached to C:\Users\Lenovo\.cache\hyperframes\fonts\poppins)
[INFO] [Compiler] Injected deterministic @font-face rules for 1 requested font families
[INFO] [Compiler] Fetched 11 font face(s) for "Poppins" from Google Fonts (cached to C:\Users\Lenovo\.cache\hyperframes\fonts\poppins)
[INFO] [Compiler] Injected deterministic @font-face rules for 1 requested font families
[INFO] [Compiler] Fetched 11 font face(s) for "Poppins" from Google Fonts (cached to C:\Users\Lenovo\.cache\hyperframes\fonts\poppins)
[INFO] [Compiler] Injected deterministic @font-face rules for 1 requested font families
[INFO] [Compiler] Fetched 11 font face(s) for "Poppins" from Google Fonts (cached to C:\Users\Lenovo\.cache\hyperframes\fonts\poppins)
[INFO] [Compiler] Injected deterministic @font-face rules for 1 requested font families
[INFO] [Compiler] Fetched 11 font face(s) for "Poppins" from Google Fonts (cached to C:\Users\Lenovo\.cache\hyperframes\fonts\poppins)
[INFO] [Compiler] Injected deterministic @font-face rules for 1 requested font families
[INFO] [Compiler] Fetched 11 font face(s) for "Poppins" from Google Fonts (cached to C:\Users\Lenovo\.cache\hyperframes\fonts\poppins)
[INFO] [Compiler] Injected deterministic @font-face rules for 1 requested font families
[StaticGuard] Invalid HyperFrame contract: <audio id="el-01-hook-voice"> uses data-end without data-duration. Use data-duration in source HTML.; <audio id="el-02-origins-voice"> uses data-end without data-duration. Use data-duration in source HTML.; <audio id="el-03-leadership-awakens-voice"> uses data-end without data-duration. Use data-duration in source HTML.; <audio id="el-04-tested-early-voice"> uses data-end without data-duration. Use data-duration in source HTML.; <audio id="el-05-the-crossing-voice"> uses data-end without data-duration. Use data-duration in source HTML.; <audio id="el-06-distinction-voice"> uses data-end without data-duration. Use data-duration in source HTML.; <audio id="el-07-mastery-voice"> uses data-end without data-duration. Use data-duration in source HTML.; <audio id="el-08-present-chapter-voice"> uses data-end without data-duration. Use data-duration in source HTML.; <audio id="el-09-lesson-close-voice"> uses data-end without data-duration. Use data-duration in source HTML.
[INFO] [Compiler] Fetched 11 font face(s) for "Poppins" from Google Fonts (cached to C:\Users\Lenovo\.cache\hyperframes\fonts\poppins)
[INFO] [Compiler] Injected deterministic @font-face rules for 1 requested font families
[INFO] [Compiler] Fetched 11 font face(s) for "Poppins" from Google Fonts (cached to C:\Users\Lenovo\.cache\hyperframes\fonts\poppins)
[INFO] [Compiler] Injected deterministic @font-face rules for 1 requested font families
[INFO] [Compiler] Fetched 11 font face(s) for "Poppins" from Google Fonts (cached to C:\Users\Lenovo\.cache\hyperframes\fonts\poppins)
[INFO] [Compiler] Injected deterministic @font-face rules for 1 requested font families
[INFO] [Compiler] Fetched 11 font face(s) for "Poppins" from Google Fonts (cached to C:\Users\Lenovo\.cache\hyperframes\fonts\poppins)
[INFO] [Compiler] Injected deterministic @font-face rules for 1 requested font families
[INFO] [Compiler] Fetched 11 font face(s) for "Poppins" from Google Fonts (cached to C:\Users\Lenovo\.cache\hyperframes\fonts\poppins)
[INFO] [Compiler] Injected deterministic @font-face rules for 1 requested font families
[INFO] [Compiler] Fetched 11 font face(s) for "Poppins" from Google Fonts (cached to C:\Users\Lenovo\.cache\hyperframes\fonts\poppins)
[INFO] [Compiler] Injected deterministic @font-face rules for 1 requested font families
[StaticGuard] Invalid HyperFrame contract: <audio id="el-01-hook-voice"> uses data-end without data-duration. Use data-duration in source HTML.; <audio id="el-02-origins-voice"> uses data-end without data-duration. Use data-duration in source HTML.; <audio id="el-03-leadership-awakens-voice"> uses data-end without data-duration. Use data-duration in source HTML.; <audio id="el-04-tested-early-voice"> uses data-end without data-duration. Use data-duration in source HTML.; <audio id="el-05-the-crossing-voice"> uses data-end without data-duration. Use data-duration in source HTML.; <audio id="el-06-distinction-voice"> uses data-end without data-duration. Use data-duration in source HTML.; <audio id="el-07-mastery-voice"> uses data-end without data-duration. Use data-duration in source HTML.; <audio id="el-08-present-chapter-voice"> uses data-end without data-duration. Use data-duration in source HTML.; <audio id="el-09-lesson-close-voice"> uses data-end without data-duration. Use data-duration in source HTML.
[INFO] [Compiler] Fetched 11 font face(s) for "Poppins" from Google Fonts (cached to C:\Users\Lenovo\.cache\hyperframes\fonts\poppins)
[INFO] [Compiler] Injected deterministic @font-face rules for 1 requested font families
[StaticGuard] Invalid HyperFrame contract: <audio id="el-01-hook-voice"> uses data-end without data-duration. Use data-duration in source HTML.; <audio id="el-02-origins-voice"> uses data-end without data-duration. Use data-duration in source HTML.; <audio id="el-03-leadership-awakens-voice"> uses data-end without data-duration. Use data-duration in source HTML.; <audio id="el-04-tested-early-voice"> uses data-end without data-duration. Use data-duration in source HTML.; <audio id="el-05-the-crossing-voice"> uses data-end without data-duration. Use data-duration in source HTML.; <audio id="el-06-distinction-voice"> uses data-end without data-duration. Use data-duration in source HTML.; <audio id="el-07-mastery-voice"> uses data-end without data-duration. Use data-duration in source HTML.; <audio id="el-08-present-chapter-voice"> uses data-end without data-duration. Use data-duration in source HTML.; <audio id="el-09-lesson-close-voice"> uses data-end without data-duration. Use data-duration in source HTML.
[INFO] [Compiler] Fetched 11 font face(s) for "Poppins" from Google Fonts (cached to C:\Users\Lenovo\.cache\hyperframes\fonts\poppins)
[INFO] [Compiler] Injected deterministic @font-face rules for 1 requested font families
[INFO] [Compiler] Fetched 11 font face(s) for "Poppins" from Google Fonts (cached to C:\Users\Lenovo\.cache\hyperframes\fonts\poppins)
[INFO] [Compiler] Injected deterministic @font-face rules for 1 requested font families
[INFO] [Compiler] Fetched 11 font face(s) for "Poppins" from Google Fonts (cached to C:\Users\Lenovo\.cache\hyperframes\fonts\poppins)
[INFO] [Compiler] Injected deterministic @font-face rules for 1 requested font families
[INFO] [Compiler] Fetched 11 font face(s) for "Poppins" from Google Fonts (cached to C:\Users\Lenovo\.cache\hyperframes\fonts\poppins)
[INFO] [Compiler] Injected deterministic @font-face rules for 1 requested font families
[INFO] [Compiler] Fetched 11 font face(s) for "Poppins" from Google Fonts (cached to C:\Users\Lenovo\.cache\hyperframes\fonts\poppins)
[INFO] [Compiler] Injected deterministic @font-face rules for 1 requested font families
[StaticGuard] Invalid HyperFrame contract: <audio id="el-01-hook-voice"> uses data-end without data-duration. Use data-duration in source HTML.; <audio id="el-02-origins-voice"> uses data-end without data-duration. Use data-duration in source HTML.; <audio id="el-03-leadership-awakens-voice"> uses data-end without data-duration. Use data-duration in source HTML.; <audio id="el-04-tested-early-voice"> uses data-end without data-duration. Use data-duration in source HTML.; <audio id="el-05-the-crossing-voice"> uses data-end without data-duration. Use data-duration in source HTML.; <audio id="el-06-distinction-voice"> uses data-end without data-duration. Use data-duration in source HTML.; <audio id="el-07-mastery-voice"> uses data-end without data-duration. Use data-duration in source HTML.; <audio id="el-08-present-chapter-voice"> uses data-end without data-duration. Use data-duration in source HTML.; <audio id="el-09-lesson-close-voice"> uses data-end without data-duration. Use data-duration in source HTML.
[INFO] [Compiler] Fetched 11 font face(s) for "Poppins" from Google Fonts (cached to C:\Users\Lenovo\.cache\hyperframes\fonts\poppins)
[INFO] [Compiler] Injected deterministic @font-face rules for 1 requested font families
[BrowserManager] Browser launched (HeadlessChrome/152.0.7928.2, screenshot, gl=--use-gl=angle --use-angle=swiftshader, headlessShell=true, platform=win32)
[StaticGuard] Invalid HyperFrame contract: <audio id="el-01-hook-voice"> uses data-end without data-duration. Use data-duration in source HTML.; <audio id="el-02-origins-voice"> uses data-end without data-duration. Use data-duration in source HTML.; <audio id="el-03-leadership-awakens-voice"> uses data-end without data-duration. Use data-duration in source HTML.; <audio id="el-04-tested-early-voice"> uses data-end without data-duration. Use data-duration in source HTML.; <audio id="el-05-the-crossing-voice"> uses data-end without data-duration. Use data-duration in source HTML.; <audio id="el-06-distinction-voice"> uses data-end without data-duration. Use data-duration in source HTML.; <audio id="el-07-mastery-voice"> uses data-end without data-duration. Use data-duration in source HTML.; <audio id="el-08-present-chapter-voice"> uses data-end without data-duration. Use data-duration in source HTML.; <audio id="el-09-lesson-close-voice"> uses data-end without data-duration. Use data-duration in source HTML.
[INFO] [Compiler] Fetched 11 font face(s) for "Poppins" from Google Fonts (cached to C:\Users\Lenovo\.cache\hyperframes\fonts\poppins)
[INFO] [Compiler] Injected deterministic @font-face rules for 1 requested font families
[INFO] [Compiler] Fetched 11 font face(s) for "Poppins" from Google Fonts (cached to C:\Users\Lenovo\.cache\hyperframes\fonts\poppins)
[INFO] [Compiler] Injected deterministic @font-face rules for 1 requested font families
[INFO] [Compiler] Fetched 11 font face(s) for "Poppins" from Google Fonts (cached to C:\Users\Lenovo\.cache\hyperframes\fonts\poppins)
[INFO] [Compiler] Injected deterministic @font-face rules for 1 requested font families
[INFO] [Compiler] Fetched 11 font face(s) for "Poppins" from Google Fonts (cached to C:\Users\Lenovo\.cache\hyperframes\fonts\poppins)
[INFO] [Compiler] Injected deterministic @font-face rules for 1 requested font families
[StaticGuard] Invalid HyperFrame contract: <audio id="el-01-hook-voice"> uses data-end without data-duration. Use data-duration in source HTML.; <audio id="el-02-origins-voice"> uses data-end without data-duration. Use data-duration in source HTML.; <audio id="el-03-leadership-awakens-voice"> uses data-end without data-duration. Use data-duration in source HTML.; <audio id="el-04-tested-early-voice"> uses data-end without data-duration. Use data-duration in source HTML.; <audio id="el-05-the-crossing-voice"> uses data-end without data-duration. Use data-duration in source HTML.; <audio id="el-06-distinction-voice"> uses data-end without data-duration. Use data-duration in source HTML.; <audio id="el-07-mastery-voice"> uses data-end without data-duration. Use data-duration in source HTML.; <audio id="el-08-present-chapter-voice"> uses data-end without data-duration. Use data-duration in source HTML.; <audio id="el-09-lesson-close-voice"> uses data-end without data-duration. Use data-duration in source HTML.
[INFO] [Compiler] Fetched 11 font face(s) for "Poppins" from Google Fonts (cached to C:\Users\Lenovo\.cache\hyperframes\fonts\poppins)
[INFO] [Compiler] Injected deterministic @font-face rules for 1 requested font families
[INFO] [Compiler] Fetched 11 font face(s) for "Poppins" from Google Fonts (cached to C:\Users\Lenovo\.cache\hyperframes\fonts\poppins)
[INFO] [Compiler] Injected deterministic @font-face rules for 1 requested font families
[INFO] [Compiler] Fetched 11 font face(s) for "Poppins" from Google Fonts (cached to C:\Users\Lenovo\.cache\hyperframes\fonts\poppins)
[INFO] [Compiler] Injected deterministic @font-face rules for 1 requested font families
[INFO] [Compiler] Fetched 11 font face(s) for "Poppins" from Google Fonts (cached to C:\Users\Lenovo\.cache\hyperframes\fonts\poppins)
[INFO] [Compiler] Injected deterministic @font-face rules for 1 requested font families
[StaticGuard] Invalid HyperFrame contract: <audio id="el-01-hook-voice"> uses data-end without data-duration. Use data-duration in source HTML.; <audio id="el-02-origins-voice"> uses data-end without data-duration. Use data-duration in source HTML.; <audio id="el-03-leadership-awakens-voice"> uses data-end without data-duration. Use data-duration in source HTML.; <audio id="el-04-tested-early-voice"> uses data-end without data-duration. Use data-duration in source HTML.; <audio id="el-05-the-crossing-voice"> uses data-end without data-duration. Use data-duration in source HTML.; <audio id="el-06-distinction-voice"> uses data-end without data-duration. Use data-duration in source HTML.; <audio id="el-07-mastery-voice"> uses data-end without data-duration. Use data-duration in source HTML.; <audio id="el-08-present-chapter-voice"> uses data-end without data-duration. Use data-duration in source HTML.; <audio id="el-09-lesson-close-voice"> uses data-end without data-duration. Use data-duration in source HTML.
[INFO] [Compiler] Fetched 11 font face(s) for "Poppins" from Google Fonts (cached to C:\Users\Lenovo\.cache\hyperframes\fonts\poppins)
[INFO] [Compiler] Injected deterministic @font-face rules for 1 requested font families
[INFO] [Compiler] Fetched 11 font face(s) for "Poppins" from Google Fonts (cached to C:\Users\Lenovo\.cache\hyperframes\fonts\poppins)
[INFO] [Compiler] Injected deterministic @font-face rules for 1 requested font families
[StaticGuard] Invalid HyperFrame contract: <audio id="el-01-hook-voice"> uses data-end without data-duration. Use data-duration in source HTML.; <audio id="el-02-origins-voice"> uses data-end without data-duration. Use data-duration in source HTML.; <audio id="el-03-leadership-awakens-voice"> uses data-end without data-duration. Use data-duration in source HTML.; <audio id="el-04-tested-early-voice"> uses data-end without data-duration. Use data-duration in source HTML.; <audio id="el-05-the-crossing-voice"> uses data-end without data-duration. Use data-duration in source HTML.; <audio id="el-06-distinction-voice"> uses data-end without data-duration. Use data-duration in source HTML.; <audio id="el-07-mastery-voice"> uses data-end without data-duration. Use data-duration in source HTML.; <audio id="el-08-present-chapter-voice"> uses data-end without data-duration. Use data-duration in source HTML.; <audio id="el-09-lesson-close-voice"> uses data-end without data-duration. Use data-duration in source HTML.
[INFO] [Compiler] Fetched 11 font face(s) for "Poppins" from Google Fonts (cached to C:\Users\Lenovo\.cache\hyperframes\fonts\poppins)
[INFO] [Compiler] Injected deterministic @font-face rules for 1 requested font families
[StaticGuard] Invalid HyperFrame contract: <audio id="el-01-hook-voice"> uses data-end without data-duration. Use data-duration in source HTML.; <audio id="el-02-origins-voice"> uses data-end without data-duration. Use data-duration in source HTML.; <audio id="el-03-leadership-awakens-voice"> uses data-end without data-duration. Use data-duration in source HTML.; <audio id="el-04-tested-early-voice"> uses data-end without data-duration. Use data-duration in source HTML.; <audio id="el-05-the-crossing-voice"> uses data-end without data-duration. Use data-duration in source HTML.; <audio id="el-06-distinction-voice"> uses data-end without data-duration. Use data-duration in source HTML.; <audio id="el-07-mastery-voice"> uses data-end without data-duration. Use data-duration in source HTML.; <audio id="el-08-present-chapter-voice"> uses data-end without data-duration. Use data-duration in source HTML.; <audio id="el-09-lesson-close-voice"> uses data-end without data-duration. Use data-duration in source HTML.
[INFO] [Compiler] Fetched 11 font face(s) for "Poppins" from Google Fonts (cached to C:\Users\Lenovo\.cache\hyperframes\fonts\poppins)
[INFO] [Compiler] Injected deterministic @font-face rules for 1 requested font families
[StaticGuard] Invalid HyperFrame contract: <audio id="el-01-hook-voice"> uses data-end without data-duration. Use data-duration in source HTML.; <audio id="el-02-origins-voice"> uses data-end without data-duration. Use data-duration in source HTML.; <audio id="el-03-leadership-awakens-voice"> uses data-end without data-duration. Use data-duration in source HTML.; <audio id="el-04-tested-early-voice"> uses data-end without data-duration. Use data-duration in source HTML.; <audio id="el-05-the-crossing-voice"> uses data-end without data-duration. Use data-duration in source HTML.; <audio id="el-06-distinction-voice"> uses data-end without data-duration. Use data-duration in source HTML.; <audio id="el-07-mastery-voice"> uses data-end without data-duration. Use data-duration in source HTML.; <audio id="el-08-present-chapter-voice"> uses data-end without data-duration. Use data-duration in source HTML.; <audio id="el-09-lesson-close-voice"> uses data-end without data-duration. Use data-duration in source HTML.
[INFO] [Compiler] Fetched 11 font face(s) for "Poppins" from Google Fonts (cached to C:\Users\Lenovo\.cache\hyperframes\fonts\poppins)
[INFO] [Compiler] Injected deterministic @font-face rules for 1 requested font families
[StaticGuard] Invalid HyperFrame contract: <audio id="el-01-hook-voice"> uses data-end without data-duration. Use data-duration in source HTML.; <audio id="el-02-origins-voice"> uses data-end without data-duration. Use data-duration in source HTML.; <audio id="el-03-leadership-awakens-voice"> uses data-end without data-duration. Use data-duration in source HTML.; <audio id="el-04-tested-early-voice"> uses data-end without data-duration. Use data-duration in source HTML.; <audio id="el-05-the-crossing-voice"> uses data-end without data-duration. Use data-duration in source HTML.; <audio id="el-06-distinction-voice"> uses data-end without data-duration. Use data-duration in source HTML.; <audio id="el-07-mastery-voice"> uses data-end without data-duration. Use data-duration in source HTML.; <audio id="el-08-present-chapter-voice"> uses data-end without data-duration. Use data-duration in source HTML.; <audio id="el-09-lesson-close-voice"> uses data-end without data-duration. Use data-duration in source HTML.
[INFO] [Compiler] Fetched 11 font face(s) for "Poppins" from Google Fonts (cached to C:\Users\Lenovo\.cache\hyperframes\fonts\poppins)
[INFO] [Compiler] Injected deterministic @font-face rules for 1 requested font families
[INFO] [Compiler] Fetched 11 font face(s) for "Poppins" from Google Fonts (cached to C:\Users\Lenovo\.cache\hyperframes\fonts\poppins)
[INFO] [Compiler] Injected deterministic @font-face rules for 1 requested font families
[INFO] [Compiler] Fetched 11 font face(s) for "Poppins" from Google Fonts (cached to C:\Users\Lenovo\.cache\hyperframes\fonts\poppins)
[INFO] [Compiler] Injected deterministic @font-face rules for 1 requested font families
[INFO] [Compiler] Fetched 11 font face(s) for "Poppins" from Google Fonts (cached to C:\Users\Lenovo\.cache\hyperframes\fonts\poppins)
[INFO] [Compiler] Injected deterministic @font-face rules for 1 requested font families
[INFO] [Compiler] Fetched 11 font face(s) for "Poppins" from Google Fonts (cached to C:\Users\Lenovo\.cache\hyperframes\fonts\poppins)
[INFO] [Compiler] Injected deterministic @font-face rules for 1 requested font families
[INFO] [Compiler] Fetched 11 font face(s) for "Poppins" from Google Fonts (cached to C:\Users\Lenovo\.cache\hyperframes\fonts\poppins)
[INFO] [Compiler] Injected deterministic @font-face rules for 1 requested font families
[INFO] [Compiler] Fetched 11 font face(s) for "Poppins" from Google Fonts (cached to C:\Users\Lenovo\.cache\hyperframes\fonts\poppins)
[INFO] [Compiler] Injected deterministic @font-face rules for 1 requested font families
[INFO] [Compiler] Fetched 11 font face(s) for "Poppins" from Google Fonts (cached to C:\Users\Lenovo\.cache\hyperframes\fonts\poppins)
[INFO] [Compiler] Injected deterministic @font-face rules for 1 requested font families
[INFO] [Compiler] Fetched 11 font face(s) for "Poppins" from Google Fonts (cached to C:\Users\Lenovo\.cache\hyperframes\fonts\poppins)
[INFO] [Compiler] Injected deterministic @font-face rules for 1 requested font families
[INFO] [Compiler] Fetched 11 font face(s) for "Poppins" from Google Fonts (cached to C:\Users\Lenovo\.cache\hyperframes\fonts\poppins)
[INFO] [Compiler] Injected deterministic @font-face rules for 1 requested font families
